---
source: crates/biome_cli/tests/snap_test.rs
expression: redactor(content)
---
## `file.html`

```html
<!DOCTYPE
```

# Termination Message

```block
internalError/io ━━━━━━━━━━━━━━━━━━━━━━━━━━━━━━━━━━━━━━━━━━━━━━━━━━━━━━━━━━━━━━━━━━━━━━━━━━━━━━━━━━━

  × No files were processed in the specified paths.
  


```

# Emitted Messages

```block
file.html format ━━━━━━━━━━━━━━━━━━━━━━━━━━━━━━━━━━━━━━━━━━━━━━━━━━━━━━━━━━━━━━━━━━━━━━━━━━━━━━━━━━━

  × Can't format code because it contains syntax errors
  

```

```block
Formatted 1 file in <TIME>. No fixes applied.
```
